Archive member included because of file (symbol)

c:/program files/atmel/atmel studio 6.0/extensions/atmel/avrgcc/3.3.2.31/avrtoolchain/bin/../lib/gcc/avr/4.5.1/avr5\libgcc.a(_udivmodhi4.o)
                              lcd.o (__udivmodhi4)
c:/program files/atmel/atmel studio 6.0/extensions/atmel/avrgcc/3.3.2.31/avrtoolchain/bin/../lib/gcc/avr/4.5.1/avr5\libgcc.a(_udivmodsi4.o)
                              USART_RS232_C_file.o (__udivmodsi4)
c:/program files/atmel/atmel studio 6.0/extensions/atmel/avrgcc/3.3.2.31/avrtoolchain/bin/../lib/gcc/avr/4.5.1/avr5\libgcc.a(_exit.o)
                              c:/program files/atmel/atmel studio 6.0/extensions/atmel/avrgcc/3.3.2.31/avrtoolchain/bin/../lib/gcc/avr/4.5.1/../../../../avr/lib/avr5/crtm32.o (exit)
c:/program files/atmel/atmel studio 6.0/extensions/atmel/avrgcc/3.3.2.31/avrtoolchain/bin/../lib/gcc/avr/4.5.1/avr5\libgcc.a(_copy_data.o)
                              lcd.o (__do_copy_data)
c:/program files/atmel/atmel studio 6.0/extensions/atmel/avrgcc/3.3.2.31/avrtoolchain/bin/../lib/gcc/avr/4.5.1/avr5\libgcc.a(_clear_bss.o)
                              lcd.o (__do_clear_bss)

Allocating common symbols
Common symbol       size              file

cnt7                0x2               RFID.o
j                   0x2               RFID.o
list                0x78              RFID.o
cnt2                0x2               RFID.o
cnt                 0x2               RFID.o
flag                0x2               RFID.o
cnt6                0x2               RFID.o
find_lcd            0x2               RFID.o
i                   0x2               RFID.o
cnt5                0x2               RFID.o
find                0x2               RFID.o
code_recv           0x14              RFID.o
abss_lcd            0x2               RFID.o
cnt3                0x2               RFID.o
Read_val            0x2               RFID.o
cnt4                0x2               RFID.o
abss                0x2               RFID.o

Memory Configuration

Name             Origin             Length             Attributes
text             0x00000000         0x00020000         xr
data             0x00800060         0x0000ffa0         rw !x
eeprom           0x00810000         0x00010000         rw !x
fuse             0x00820000         0x00000400         rw !x
lock             0x00830000         0x00000400         rw !x
signature        0x00840000         0x00000400         rw !x
*default*        0x00000000         0xffffffff

Linker script and memory map

LOAD c:/program files/atmel/atmel studio 6.0/extensions/atmel/avrgcc/3.3.2.31/avrtoolchain/bin/../lib/gcc/avr/4.5.1/../../../../avr/lib/avr5/crtm32.o
LOAD lcd.o
LOAD RFID.o
LOAD UART_AVR.o
LOAD USART_RS232_C_file.o
START GROUP
LOAD c:/program files/atmel/atmel studio 6.0/extensions/atmel/avrgcc/3.3.2.31/avrtoolchain/bin/../lib/gcc/avr/4.5.1/../../../../avr/lib/avr5\libm.a
END GROUP
LOAD c:/program files/atmel/atmel studio 6.0/extensions/atmel/avrgcc/3.3.2.31/avrtoolchain/bin/../lib/gcc/avr/4.5.1/avr5\libgcc.a
LOAD c:/program files/atmel/atmel studio 6.0/extensions/atmel/avrgcc/3.3.2.31/avrtoolchain/bin/../lib/gcc/avr/4.5.1/../../../../avr/lib/avr5\libc.a
LOAD c:/program files/atmel/atmel studio 6.0/extensions/atmel/avrgcc/3.3.2.31/avrtoolchain/bin/../lib/gcc/avr/4.5.1/avr5\libgcc.a

.hash
 *(.hash)

.dynsym
 *(.dynsym)

.dynstr
 *(.dynstr)

.gnu.version
 *(.gnu.version)

.gnu.version_d
 *(.gnu.version_d)

.gnu.version_r
 *(.gnu.version_r)

.rel.init
 *(.rel.init)

.rela.init
 *(.rela.init)

.rel.text
 *(.rel.text)
 *(.rel.text.*)
 *(.rel.gnu.linkonce.t*)

.rela.text
 *(.rela.text)
 *(.rela.text.*)
 *(.rela.gnu.linkonce.t*)

.rel.fini
 *(.rel.fini)

.rela.fini
 *(.rela.fini)

.rel.rodata
 *(.rel.rodata)
 *(.rel.rodata.*)
 *(.rel.gnu.linkonce.r*)

.rela.rodata
 *(.rela.rodata)
 *(.rela.rodata.*)
 *(.rela.gnu.linkonce.r*)

.rel.data
 *(.rel.data)
 *(.rel.data.*)
 *(.rel.gnu.linkonce.d*)

.rela.data
 *(.rela.data)
 *(.rela.data.*)
 *(.rela.gnu.linkonce.d*)

.rel.ctors
 *(.rel.ctors)

.rela.ctors
 *(.rela.ctors)

.rel.dtors
 *(.rel.dtors)

.rela.dtors
 *(.rela.dtors)

.rel.got
 *(.rel.got)

.rela.got
 *(.rela.got)

.rel.bss
 *(.rel.bss)

.rela.bss
 *(.rela.bss)

.rel.plt
 *(.rel.plt)

.rela.plt
 *(.rela.plt)

.text           0x00000000      0xbfa
 *(.vectors)
 .vectors       0x00000000       0x54 c:/program files/atmel/atmel studio 6.0/extensions/atmel/avrgcc/3.3.2.31/avrtoolchain/bin/../lib/gcc/avr/4.5.1/../../../../avr/lib/avr5/crtm32.o
                0x00000000                __vector_default
                0x00000000                __vectors
 *(.vectors)
 *(.progmem.gcc*)
 *(.progmem*)
                0x00000054                . = ALIGN (0x2)
                0x00000054                __trampolines_start = .
 *(.trampolines)
 .trampolines   0x00000054        0x0 linker stubs
 *(.trampolines*)
                0x00000054                __trampolines_end = .
 *(.jumptables)
 *(.jumptables*)
 *(.lowtext)
 *(.lowtext*)
                0x00000054                __ctors_start = .
 *(.ctors)
                0x00000054                __ctors_end = .
                0x00000054                __dtors_start = .
 *(.dtors)
                0x00000054                __dtors_end = .
 SORT(*)(.ctors)
 SORT(*)(.dtors)
 *(.init0)
 .init0         0x00000054        0x0 c:/program files/atmel/atmel studio 6.0/extensions/atmel/avrgcc/3.3.2.31/avrtoolchain/bin/../lib/gcc/avr/4.5.1/../../../../avr/lib/avr5/crtm32.o
                0x00000054                __init
 *(.init0)
 *(.init1)
 *(.init1)
 *(.init2)
 .init2         0x00000054        0xc c:/program files/atmel/atmel studio 6.0/extensions/atmel/avrgcc/3.3.2.31/avrtoolchain/bin/../lib/gcc/avr/4.5.1/../../../../avr/lib/avr5/crtm32.o
 *(.init2)
 *(.init3)
 *(.init3)
 *(.init4)
 .init4         0x00000060       0x16 c:/program files/atmel/atmel studio 6.0/extensions/atmel/avrgcc/3.3.2.31/avrtoolchain/bin/../lib/gcc/avr/4.5.1/avr5\libgcc.a(_copy_data.o)
                0x00000060                __do_copy_data
 .init4         0x00000076       0x10 c:/program files/atmel/atmel studio 6.0/extensions/atmel/avrgcc/3.3.2.31/avrtoolchain/bin/../lib/gcc/avr/4.5.1/avr5\libgcc.a(_clear_bss.o)
                0x00000076                __do_clear_bss
 *(.init4)
 *(.init5)
 *(.init5)
 *(.init6)
 *(.init6)
 *(.init7)
 *(.init7)
 *(.init8)
 *(.init8)
 *(.init9)
 .init9         0x00000086        0x8 c:/program files/atmel/atmel studio 6.0/extensions/atmel/avrgcc/3.3.2.31/avrtoolchain/bin/../lib/gcc/avr/4.5.1/../../../../avr/lib/avr5/crtm32.o
 *(.init9)
 *(.text)
 .text          0x0000008e        0x4 c:/program files/atmel/atmel studio 6.0/extensions/atmel/avrgcc/3.3.2.31/avrtoolchain/bin/../lib/gcc/avr/4.5.1/../../../../avr/lib/avr5/crtm32.o
                0x0000008e                __vector_12
                0x0000008e                __bad_interrupt
                0x0000008e                __vector_6
                0x0000008e                __vector_11
                0x0000008e                __vector_13
                0x0000008e                __vector_17
                0x0000008e                __vector_19
                0x0000008e                __vector_7
                0x0000008e                __vector_5
                0x0000008e                __vector_4
                0x0000008e                __vector_9
                0x0000008e                __vector_2
                0x0000008e                __vector_15
                0x0000008e                __vector_8
                0x0000008e                __vector_14
                0x0000008e                __vector_10
                0x0000008e                __vector_16
                0x0000008e                __vector_18
                0x0000008e                __vector_20
 .text          0x00000092      0x10c lcd.o
                0x00000092                lcd_send_command
                0x000000ba                lcd_init
                0x000000d6                LCD_SendData
                0x000000fe                LCD_SET_CURSOR
                0x00000112                LCD_SendString
                0x00000130                LCD_Clear
                0x00000138                lcd_out
                0x0000014e                convertData
                0x0000017c                lcd_delete
 .text          0x0000019e      0x91a RFID.o
                0x0000019e                Read
                0x00000212                compare
                0x000002e0                display_list
                0x00000438                __vector_1
                0x00000480                display_attendance
                0x0000084e                intr_init
                0x0000086a                main
                0x000008da                num_attend
                0x00000a70                __vector_3
 .text          0x00000ab8       0x4e UART_AVR.o
                0x00000ab8                UART_INIT
                0x00000acc                UART_Transmit
                0x00000ad4                UART_Read
                0x00000adc                UART_Transmit_string
 .text          0x00000b06       0x84 USART_RS232_C_file.o
                0x00000b06                USART_Init
                0x00000b5c                USART_RxChar
                0x00000b64                USART_TxChar
                0x00000b6c                USART_SendString
 .text          0x00000b8a        0x0 c:/program files/atmel/atmel studio 6.0/extensions/atmel/avrgcc/3.3.2.31/avrtoolchain/bin/../lib/gcc/avr/4.5.1/avr5\libgcc.a(_udivmodhi4.o)
 .text          0x00000b8a        0x0 c:/program files/atmel/atmel studio 6.0/extensions/atmel/avrgcc/3.3.2.31/avrtoolchain/bin/../lib/gcc/avr/4.5.1/avr5\libgcc.a(_udivmodsi4.o)
 .text          0x00000b8a        0x0 c:/program files/atmel/atmel studio 6.0/extensions/atmel/avrgcc/3.3.2.31/avrtoolchain/bin/../lib/gcc/avr/4.5.1/avr5\libgcc.a(_exit.o)
 .text          0x00000b8a        0x0 c:/program files/atmel/atmel studio 6.0/extensions/atmel/avrgcc/3.3.2.31/avrtoolchain/bin/../lib/gcc/avr/4.5.1/avr5\libgcc.a(_copy_data.o)
 .text          0x00000b8a        0x0 c:/program files/atmel/atmel studio 6.0/extensions/atmel/avrgcc/3.3.2.31/avrtoolchain/bin/../lib/gcc/avr/4.5.1/avr5\libgcc.a(_clear_bss.o)
                0x00000b8a                . = ALIGN (0x2)
 *(.text.*)
 .text.libgcc   0x00000b8a       0x28 c:/program files/atmel/atmel studio 6.0/extensions/atmel/avrgcc/3.3.2.31/avrtoolchain/bin/../lib/gcc/avr/4.5.1/avr5\libgcc.a(_udivmodhi4.o)
                0x00000b8a                __udivmodhi4
 .text.libgcc   0x00000bb2       0x44 c:/program files/atmel/atmel studio 6.0/extensions/atmel/avrgcc/3.3.2.31/avrtoolchain/bin/../lib/gcc/avr/4.5.1/avr5\libgcc.a(_udivmodsi4.o)
                0x00000bb2                __udivmodsi4
 .text.libgcc   0x00000bf6        0x0 c:/program files/atmel/atmel studio 6.0/extensions/atmel/avrgcc/3.3.2.31/avrtoolchain/bin/../lib/gcc/avr/4.5.1/avr5\libgcc.a(_exit.o)
 .text.libgcc   0x00000bf6        0x0 c:/program files/atmel/atmel studio 6.0/extensions/atmel/avrgcc/3.3.2.31/avrtoolchain/bin/../lib/gcc/avr/4.5.1/avr5\libgcc.a(_copy_data.o)
 .text.libgcc   0x00000bf6        0x0 c:/program files/atmel/atmel studio 6.0/extensions/atmel/avrgcc/3.3.2.31/avrtoolchain/bin/../lib/gcc/avr/4.5.1/avr5\libgcc.a(_clear_bss.o)
                0x00000bf6                . = ALIGN (0x2)
 *(.fini9)
 .fini9         0x00000bf6        0x0 c:/program files/atmel/atmel studio 6.0/extensions/atmel/avrgcc/3.3.2.31/avrtoolchain/bin/../lib/gcc/avr/4.5.1/avr5\libgcc.a(_exit.o)
                0x00000bf6                _exit
                0x00000bf6                exit
 *(.fini9)
 *(.fini8)
 *(.fini8)
 *(.fini7)
 *(.fini7)
 *(.fini6)
 *(.fini6)
 *(.fini5)
 *(.fini5)
 *(.fini4)
 *(.fini4)
 *(.fini3)
 *(.fini3)
 *(.fini2)
 *(.fini2)
 *(.fini1)
 *(.fini1)
 *(.fini0)
 .fini0         0x00000bf6        0x4 c:/program files/atmel/atmel studio 6.0/extensions/atmel/avrgcc/3.3.2.31/avrtoolchain/bin/../lib/gcc/avr/4.5.1/avr5\libgcc.a(_exit.o)
 *(.fini0)
                0x00000bfa                _etext = .

.data           0x00800060      0x23a load address 0x00000bfa
                0x00800060                PROVIDE (__data_start, .)
 *(.data)
 .data          0x00800060        0x0 c:/program files/atmel/atmel studio 6.0/extensions/atmel/avrgcc/3.3.2.31/avrtoolchain/bin/../lib/gcc/avr/4.5.1/../../../../avr/lib/avr5/crtm32.o
 .data          0x00800060       0x18 lcd.o
 .data          0x00800078      0x222 RFID.o
                0x00800158                clinet_code
                0x008001d0                id_code
                0x00800298                attendance
 .data          0x0080029a        0x0 UART_AVR.o
 .data          0x0080029a        0x0 USART_RS232_C_file.o
 .data          0x0080029a        0x0 c:/program files/atmel/atmel studio 6.0/extensions/atmel/avrgcc/3.3.2.31/avrtoolchain/bin/../lib/gcc/avr/4.5.1/avr5\libgcc.a(_udivmodhi4.o)
 .data          0x0080029a        0x0 c:/program files/atmel/atmel studio 6.0/extensions/atmel/avrgcc/3.3.2.31/avrtoolchain/bin/../lib/gcc/avr/4.5.1/avr5\libgcc.a(_udivmodsi4.o)
 .data          0x0080029a        0x0 c:/program files/atmel/atmel studio 6.0/extensions/atmel/avrgcc/3.3.2.31/avrtoolchain/bin/../lib/gcc/avr/4.5.1/avr5\libgcc.a(_exit.o)
 .data          0x0080029a        0x0 c:/program files/atmel/atmel studio 6.0/extensions/atmel/avrgcc/3.3.2.31/avrtoolchain/bin/../lib/gcc/avr/4.5.1/avr5\libgcc.a(_copy_data.o)
 .data          0x0080029a        0x0 c:/program files/atmel/atmel studio 6.0/extensions/atmel/avrgcc/3.3.2.31/avrtoolchain/bin/../lib/gcc/avr/4.5.1/avr5\libgcc.a(_clear_bss.o)
 *(.data*)
 *(.rodata)
 *(.rodata*)
 *(.gnu.linkonce.d*)
                0x0080029a                . = ALIGN (0x2)
                0x0080029a                _edata = .
                0x0080029a                PROVIDE (__data_end, .)

.bss            0x0080029a       0xbd
                0x0080029a                PROVIDE (__bss_start, .)
 *(.bss)
 .bss           0x0080029a        0x0 c:/program files/atmel/atmel studio 6.0/extensions/atmel/avrgcc/3.3.2.31/avrtoolchain/bin/../lib/gcc/avr/4.5.1/../../../../avr/lib/avr5/crtm32.o
 .bss           0x0080029a       0x11 lcd.o
 .bss           0x008002ab        0x2 RFID.o
 .bss           0x008002ad        0x0 UART_AVR.o
 .bss           0x008002ad        0x0 USART_RS232_C_file.o
 .bss           0x008002ad        0x0 c:/program files/atmel/atmel studio 6.0/extensions/atmel/avrgcc/3.3.2.31/avrtoolchain/bin/../lib/gcc/avr/4.5.1/avr5\libgcc.a(_udivmodhi4.o)
 .bss           0x008002ad        0x0 c:/program files/atmel/atmel studio 6.0/extensions/atmel/avrgcc/3.3.2.31/avrtoolchain/bin/../lib/gcc/avr/4.5.1/avr5\libgcc.a(_udivmodsi4.o)
 .bss           0x008002ad        0x0 c:/program files/atmel/atmel studio 6.0/extensions/atmel/avrgcc/3.3.2.31/avrtoolchain/bin/../lib/gcc/avr/4.5.1/avr5\libgcc.a(_exit.o)
 .bss           0x008002ad        0x0 c:/program files/atmel/atmel studio 6.0/extensions/atmel/avrgcc/3.3.2.31/avrtoolchain/bin/../lib/gcc/avr/4.5.1/avr5\libgcc.a(_copy_data.o)
 .bss           0x008002ad        0x0 c:/program files/atmel/atmel studio 6.0/extensions/atmel/avrgcc/3.3.2.31/avrtoolchain/bin/../lib/gcc/avr/4.5.1/avr5\libgcc.a(_clear_bss.o)
 *(.bss*)
 *(COMMON)
 COMMON         0x008002ad       0xaa RFID.o
                0x008002ad                cnt7
                0x008002af                j
                0x008002b1                list
                0x00800329                cnt2
                0x0080032b                cnt
                0x0080032d                flag
                0x0080032f                cnt6
                0x00800331                find_lcd
                0x00800333                i
                0x00800335                cnt5
                0x00800337                find
                0x00800339                code_recv
                0x0080034d                abss_lcd
                0x0080034f                cnt3
                0x00800351                Read_val
                0x00800353                cnt4
                0x00800355                abss
                0x00800357                PROVIDE (__bss_end, .)
                0x00000bfa                __data_load_start = LOADADDR (.data)
                0x00000e34                __data_load_end = (__data_load_start + SIZEOF (.data))

.noinit         0x00800357        0x0
                0x00800357                PROVIDE (__noinit_start, .)
 *(.noinit*)
                0x00800357                PROVIDE (__noinit_end, .)
                0x00800357                _end = .
                0x00800357                PROVIDE (__heap_start, .)

.eeprom         0x00810000        0x0
 *(.eeprom*)
                0x00810000                __eeprom_end = .

.fuse
 *(.fuse)
 *(.lfuse)
 *(.hfuse)
 *(.efuse)

.lock
 *(.lock*)

.signature
 *(.signature*)

.stab           0x00000000      0x6cc
 *(.stab)
 .stab          0x00000000      0x6cc c:/program files/atmel/atmel studio 6.0/extensions/atmel/avrgcc/3.3.2.31/avrtoolchain/bin/../lib/gcc/avr/4.5.1/../../../../avr/lib/avr5/crtm32.o

.stabstr        0x00000000       0x97
 *(.stabstr)
 .stabstr       0x00000000       0x97 c:/program files/atmel/atmel studio 6.0/extensions/atmel/avrgcc/3.3.2.31/avrtoolchain/bin/../lib/gcc/avr/4.5.1/../../../../avr/lib/avr5/crtm32.o

.stab.excl
 *(.stab.excl)

.stab.exclstr
 *(.stab.exclstr)

.stab.index
 *(.stab.index)

.stab.indexstr
 *(.stab.indexstr)

.comment
 *(.comment)

.debug
 *(.debug)

.line
 *(.line)

.debug_srcinfo
 *(.debug_srcinfo)

.debug_sfnames
 *(.debug_sfnames)

.debug_aranges  0x00000000       0x80
 *(.debug_aranges)
 .debug_aranges
                0x00000000       0x20 lcd.o
 .debug_aranges
                0x00000020       0x20 RFID.o
 .debug_aranges
                0x00000040       0x20 UART_AVR.o
 .debug_aranges
                0x00000060       0x20 USART_RS232_C_file.o

.debug_pubnames
                0x00000000      0x2b6
 *(.debug_pubnames)
 .debug_pubnames
                0x00000000       0xa4 lcd.o
 .debug_pubnames
                0x000000a4      0x161 RFID.o
 .debug_pubnames
                0x00000205       0x59 UART_AVR.o
 .debug_pubnames
                0x0000025e       0x58 USART_RS232_C_file.o

.debug_info     0x00000000     0x1045
 *(.debug_info)
 .debug_info    0x00000000      0x47f lcd.o
 .debug_info    0x0000047f      0x9b1 RFID.o
 .debug_info    0x00000e30      0x101 UART_AVR.o
 .debug_info    0x00000f31      0x114 USART_RS232_C_file.o
 *(.gnu.linkonce.wi.*)

.debug_abbrev   0x00000000      0x53e
 *(.debug_abbrev)
 .debug_abbrev  0x00000000      0x1a7 lcd.o
 .debug_abbrev  0x000001a7      0x23f RFID.o
 .debug_abbrev  0x000003e6       0xb0 UART_AVR.o
 .debug_abbrev  0x00000496       0xa8 USART_RS232_C_file.o

.debug_line     0x00000000      0xdff
 *(.debug_line)
 .debug_line    0x00000000      0x383 lcd.o
 .debug_line    0x00000383      0x76a RFID.o
 .debug_line    0x00000aed      0x184 UART_AVR.o
 .debug_line    0x00000c71      0x18e USART_RS232_C_file.o

.debug_frame    0x00000000      0x1e0
 *(.debug_frame)
 .debug_frame   0x00000000       0xa0 lcd.o
 .debug_frame   0x000000a0       0xa0 RFID.o
 .debug_frame   0x00000140       0x50 UART_AVR.o
 .debug_frame   0x00000190       0x50 USART_RS232_C_file.o

.debug_str      0x00000000      0x2ee
 *(.debug_str)
 .debug_str     0x00000000      0x171 lcd.o
                                0x1aa (size before relaxing)
 .debug_str     0x00000171       0xdd RFID.o
                                0x20f (size before relaxing)
 .debug_str     0x0000024e       0x47 UART_AVR.o
                                0x103 (size before relaxing)
 .debug_str     0x00000295       0x59 USART_RS232_C_file.o
                                0x115 (size before relaxing)

.debug_loc      0x00000000      0x588
 *(.debug_loc)
 .debug_loc     0x00000000      0x169 lcd.o
 .debug_loc     0x00000169      0x37e RFID.o
 .debug_loc     0x000004e7       0x47 UART_AVR.o
 .debug_loc     0x0000052e       0x5a USART_RS232_C_file.o

.debug_macinfo
 *(.debug_macinfo)
OUTPUT(RFID.elf elf32-avr)
LOAD linker stubs

.debug_pubtypes
                0x00000000       0xac
 .debug_pubtypes
                0x00000000       0x38 lcd.o
 .debug_pubtypes
                0x00000038       0x38 RFID.o
 .debug_pubtypes
                0x00000070       0x1e UART_AVR.o
 .debug_pubtypes
                0x0000008e       0x1e USART_RS232_C_file.o
